<html>
<body>
<pre>
<h1>µVision Build Log</h1>
<h2>Project:</h2>
D:\MK\WORKSHOP_ESD\UART_1\UART_1.uvproj
Project File Date:  06/22/2023

<h2>Output:</h2>
compiling main.c...
main.c - 0 Error(s), 0 Warning(s).
Rebuild target 'Target 1'
assembling startup_LPC17xx.s...
compiling system_LPC17xx.c...
compiling main.c...
linking...
Program Size: Code=1144 RO-data=252 RW-data=4 ZI-data=612  
"UART_1.axf" - 0 Error(s), 0 Warning(s).
Rebuild target 'Target 1'
assembling startup_LPC17xx.s...
compiling system_LPC17xx.c...
compiling main.c...
linking...
Program Size: Code=1144 RO-data=252 RW-data=4 ZI-data=612  
FromELF: creating hex file...
"UART_1.axf" - 0 Error(s), 0 Warning(s).
Rebuild target 'Target 1'
assembling startup_LPC17xx.s...
compiling system_LPC17xx.c...
compiling main.c...
linking...
Program Size: Code=1144 RO-data=252 RW-data=4 ZI-data=612  
FromELF: creating hex file...
"UART_1.axf" - 0 Error(s), 0 Warning(s).
Rebuild target 'Target 1'
assembling startup_LPC17xx.s...
compiling system_LPC17xx.c...
compiling main.c...
linking...
Program Size: Code=1144 RO-data=252 RW-data=4 ZI-data=612  
FromELF: creating hex file...
"UART_1.axf" - 0 Error(s), 0 Warning(s).
Rebuild target 'Target 1'
assembling startup_LPC17xx.s...
compiling system_LPC17xx.c...
compiling main.c...
main.c(31): error:  #268: declaration may not appear after executable statement in block
main.c(31): error:  #67: expected a "}"
Target not created
Rebuild target 'Target 1'
assembling startup_LPC17xx.s...
compiling system_LPC17xx.c...
compiling main.c...
main.c(31): error:  #268: declaration may not appear after executable statement in block
main.c(31): error:  #67: expected a "}"
Target not created
Rebuild target 'Target 1'
assembling startup_LPC17xx.s...
compiling system_LPC17xx.c...
compiling main.c...
main.c(31): error:  #268: declaration may not appear after executable statement in block
main.c(31): error:  #67: expected a "}"
Target not created
Rebuild target 'Target 1'
assembling startup_LPC17xx.s...
compiling system_LPC17xx.c...
compiling main.c...
main.c(31): error:  #268: declaration may not appear after executable statement in block
main.c(31): error:  #67: expected a "}"
Target not created
Rebuild target 'Target 1'
assembling startup_LPC17xx.s...
compiling system_LPC17xx.c...
compiling main.c...
main.c(31): error:  #268: declaration may not appear after executable statement in block
main.c(31): error:  #67: expected a "}"
Target not created
Rebuild target 'Target 1'
assembling startup_LPC17xx.s...
compiling system_LPC17xx.c...
compiling main.c...
main.c(31): error:  #268: declaration may not appear after executable statement in block
main.c(31): error:  #67: expected a "}"
Target not created
Rebuild target 'Target 1'
assembling startup_LPC17xx.s...
compiling system_LPC17xx.c...
compiling main.c...
main.c(31): error:  #268: declaration may not appear after executable statement in block
main.c(31): error:  #67: expected a "}"
Target not created
Rebuild target 'Target 1'
assembling startup_LPC17xx.s...
compiling system_LPC17xx.c...
compiling main.c...
main.c(31): error:  #268: declaration may not appear after executable statement in block
main.c(31): error:  #67: expected a "}"
Target not created
Rebuild target 'Target 1'
assembling startup_LPC17xx.s...
compiling system_LPC17xx.c...
compiling main2.c...
main2.c(7): error:  #101: "i" has already been declared in the current scope
main2.c(6): warning:  #177-D: variable "i" was declared but never referenced
Target not created
Build target 'Target 1'
compiling main2.c...
main2.c(7): error:  #101: "i" has already been declared in the current scope
main2.c(6): warning:  #177-D: variable "i" was declared but never referenced
Target not created
compiling main2.c...
main2.c - 0 Error(s), 0 Warning(s).
Rebuild target 'Target 1'
assembling startup_LPC17xx.s...
compiling system_LPC17xx.c...
compiling main2.c...
linking...
Program Size: Code=1144 RO-data=252 RW-data=4 ZI-data=612  
FromELF: creating hex file...
"UART_1.axf" - 0 Error(s), 0 Warning(s).
Build target 'Target 1'
compiling main.c...
main.c(31): error:  #268: declaration may not appear after executable statement in block
main.c(31): error:  #67: expected a "}"
Target not created
compiling main.c...
main.c(36): error:  #268: declaration may not appear after executable statement in block
main.c(36): error:  #67: expected a "}"
main.c - 2 Error(s), 0 Warning(s).
Build target 'Target 1'
compiling main.c...
main.c(36): error:  #268: declaration may not appear after executable statement in block
main.c(36): error:  #67: expected a "}"
Target not created
compiling main.c...
main.c - 0 Error(s), 0 Warning(s).
compiling main.c...
main.c - 0 Error(s), 0 Warning(s).
Rebuild target 'Target 1'
assembling startup_LPC17xx.s...
compiling system_LPC17xx.c...
compiling main.c...
linking...
Program Size: Code=1192 RO-data=236 RW-data=4 ZI-data=612  
FromELF: creating hex file...
"UART_1.axf" - 0 Error(s), 0 Warning(s).
Rebuild target 'Target 1'
assembling startup_LPC17xx.s...
compiling system_LPC17xx.c...
compiling main.c...
linking...
Program Size: Code=1192 RO-data=236 RW-data=4 ZI-data=612  
FromELF: creating hex file...
"UART_1.axf" - 0 Error(s), 0 Warning(s).
