<html>
<body>
<pre>
<h1>µVision Build Log</h1>
<h2>Project:</h2>
D:\MK\WORKSHOP_ESD\SWITCH_LED\SWITCH_LED.uvproj
Project File Date:  06/21/2023

<h2>Output:</h2>
compiling main.c...
main.c(16): warning:  #111-D: statement is unreachable
main.c(26): warning:  #1-D: last line of file ends without a newline
main.c - 0 Error(s), 2 Warning(s).
compiling main.c...
main.c(16): warning:  #111-D: statement is unreachable
main.c - 0 Error(s), 1 Warning(s).
compiling main.c...
main.c - 0 Error(s), 0 Warning(s).
Rebuild target 'Target 1'
assembling startup_LPC17xx.s...
compiling system_LPC17xx.c...
compiling main.c...
linking...
Program Size: Code=1020 RO-data=376 RW-data=4 ZI-data=612  
"SWITCH_LED.axf" - 0 Error(s), 0 Warning(s).
Rebuild target 'Target 1'
assembling startup_LPC17xx.s...
compiling system_LPC17xx.c...
compiling main.c...
linking...
Program Size: Code=1024 RO-data=372 RW-data=4 ZI-data=612  
"SWITCH_LED.axf" - 0 Error(s), 0 Warning(s).
Rebuild target 'Target 1'
assembling startup_LPC17xx.s...
compiling system_LPC17xx.c...
compiling main.c...
linking...
Program Size: Code=1024 RO-data=372 RW-data=4 ZI-data=612  
"SWITCH_LED.axf" - 0 Error(s), 0 Warning(s).
Rebuild target 'Target 1'
assembling startup_LPC17xx.s...
compiling system_LPC17xx.c...
compiling main.c...
linking...
Program Size: Code=1024 RO-data=372 RW-data=4 ZI-data=612  
FromELF: creating hex file...
"SWITCH_LED.axf" - 0 Error(s), 0 Warning(s).
Rebuild target 'Target 1'
assembling startup_LPC17xx.s...
compiling system_LPC17xx.c...
compiling main.c...
linking...
Program Size: Code=1024 RO-data=372 RW-data=4 ZI-data=612  
FromELF: creating hex file...
"SWITCH_LED.axf" - 0 Error(s), 0 Warning(s).
Rebuild target 'Target 1'
assembling startup_LPC17xx.s...
compiling system_LPC17xx.c...
compiling main.c...
linking...
Program Size: Code=1020 RO-data=376 RW-data=4 ZI-data=612  
FromELF: creating hex file...
"SWITCH_LED.axf" - 0 Error(s), 0 Warning(s).
Rebuild target 'Target 1'
assembling startup_LPC17xx.s...
compiling system_LPC17xx.c...
compiling main.c...
linking...
Program Size: Code=1020 RO-data=376 RW-data=4 ZI-data=612  
FromELF: creating hex file...
"SWITCH_LED.axf" - 0 Error(s), 0 Warning(s).
