<html>
<body>
<pre>
<h1>µVision Build Log</h1>
<h2>Project:</h2>
C:\Users\Mohan Krishna\Videos\Personal\MK\WORKSHOP_ESD\UART_RFID\UART_RFID.uvproj
Project File Date:  06/24/2023

<h2>Output:</h2>
Build target 'Target 1'
assembling startup_LPC17xx.s...
compiling system_LPC17xx.c...
compiling rfid_1card.c...
rfid_1card.c(7): warning:  #1295-D: Deprecated declaration pin_init - give arg types
  void pin_init();
rfid_1card.c(8): warning:  #1295-D: Deprecated declaration uart0_init - give arg types
  void uart0_init();
rfid_1card.c(9): warning:  #1295-D: Deprecated declaration uart3_init - give arg types
  void uart3_init();
rfid_1card.c: 3 warnings, 0 errors
linking...
Program Size: Code=1308 RO-data=236 RW-data=4 ZI-data=612  
FromELF: creating hex file...
".\UART_RFID.axf" - 0 Error(s), 3 Warning(s).
</pre>
</body>
</html>
