<html>
<body>
<pre>
<h1>µVision Build Log</h1>
<h2>Project:</h2>
C:\Users\Mohan Krishna\Videos\Personal\MK\WORKSHOP_ESD\LCD\LCD.uvproj
Project File Date:  08/11/2023

<h2>Output:</h2>
Build target 'Target 1'
linking...
Program Size: Code=1196 RO-data=236 RW-data=4 ZI-data=612  
FromELF: creating hex file...
".\LCD.axf" - 0 Error(s), 0 Warning(s).
</pre>
</body>
</html>
gram Size: Code=1196 RO-data=236 RW-data=4 ZI-data=612  
FromELF: creating hex file...
".\LCD.axf" - 0 Error(s), 1 Warning(s).
